
[1m[46m RUN [49m[22m [36mv4.1.0 [39m[90mC:/Users/Joonh/cerebro_ag/cerebro[39m

[90mstdout[2m | tests/simulation/worker.execution.test.ts[2m > [22m[2mSimulation Worker Execution[2m > [22m[2mshould process simulation batch and update progress for each day
[22m[39m[Worker] Processing simulation batch days 0-2 for run run-123

node.exe : 
[90mstderr[2m | tests
/simulation/worker.exec
ution.test.ts[2m > 
[22m[2mSimulation 
Worker Execution[2m > 
[22m[2mshould 
process simulation 
batch and update 
progress for each day
At line:1 char:1
+ & "C:\Program 
Files\nodejs/node.exe" 
"C:\Program 
Files\nodejs/node_mo 
...
+ ~~~~~~~~~~~~~~~~~~~~~
~~~~~~~~~~~~~~~~~~~~~~~
~~~~~~~~~~~~~~~~~~~~~~~
~~
    + CategoryInfo     
         : NotSpecifi  
  ed: ([90mstderr[   
 2m...ss for each d    
ay:String) [], Rem    
oteException
    + FullyQualifiedEr 
   rorId : NativeComm  
  andError
 
[22m[39m[vitest] The 
vi.fn() mock did not 
use 'function' or 
'class' in its 
implementation, see htt
ps://vitest.dev/api/vi#
vi-spyon for examples.

 [31mΓ¥»[39m tests/simulation/worker.execution.test.ts [2m([22m[2m1 test[22m[2m | [22m[31m1 failed[39m[2m)[22m[32m 4[2mms[22m[39m
[31m     [31m├ù[31m should process simulation batch and update progress for each day[39m[32m 3[2mms[22m[39m

[31mΓÄ»ΓÄ»ΓÄ»ΓÄ»ΓÄ»ΓÄ»
ΓÄ»[39m[1m[41m 
Failed Tests 1 [49m[2
2m[31mΓÄ»ΓÄ»ΓÄ»ΓÄ»ΓÄ»Γ
Ä»ΓÄ»[39m

[41m[1m FAIL 
[22m[49m tests/simula
tion/worker.execution.t
est.ts[2m > 
[22mSimulation Worker 
Execution[2m > 
[22mshould process 
simulation batch and 
update progress for 
each day
[31m[1mTypeError[22m
: () => {
		return {
			tick: mockTick,
			updateProgress: 
mockUpdateProgress,
			getRun: mockGetRun
		};
	} is not a 
constructor[39m
[36m [2mΓ¥»[22m Modu
le.processSimulationJob
 src/lib/queue/workers.
ts:[2m131:24[22m[39m
    [90m129|[39m   
)[33m;[39m
    [90m130|[39m
    [90m131|[39m   
[35mconst[39m 
orchestrator 
[33m=[39m 
[35mnew[39m [33mSimu
lationOrchestrator[39m
()[33m;[39m
    [90m   |[39m     
                   
[31m^[39m
    [90m132|[39m   
const clientRange = 
(clientStart !== 
undefined && clientEnd 
!== undeΓÇª
    [90m133|[39m     
[33m?[39m { 
start[33m:[39m 
clientStart[33m,[39m 
end[33m:[39m 
clientEnd }
[90m [2mΓ¥»[22m test
s/simulation/worker.exe
cution.test.ts:[2m32:2
6[22m[39m

[31m[2mΓÄ»ΓÄ»ΓÄ»ΓÄ»ΓÄ
»ΓÄ»ΓÄ»ΓÄ»ΓÄ»ΓÄ»ΓÄ»ΓÄ»Γ
Ä»ΓÄ»ΓÄ»ΓÄ»ΓÄ»ΓÄ»ΓÄ»ΓÄ»
ΓÄ»ΓÄ»ΓÄ»ΓÄ»[1/1]ΓÄ»[2
2m[39m


[2m Test Files [22m [1m[31m1 failed[39m[22m[90m (1)[39m
[2m      Tests [22m [1m[31m1 failed[39m[22m[90m (1)[39m
[2m   Start at [22m 18:44:53
[2m   Duration [22m 836ms[2m (transform 164ms, setup 22ms, import 681ms, tests 4ms, environment 0ms)[22m

