
> cerebro@1.0.0 lint
> tsc --noEmit

src/lib/queue/client.ts(16,69): error TS2322: Type 'Redis' is not assignable to type 'ConnectionOptions'.
  Type 'Redis' is not assignable to type 'ClusterOptions | Redis | Cluster'.
    Type 'import("C:/Users/Joonh/cerebro_ag/cerebro/node_modules/ioredis/built/Redis").default' is not assignable to type 'import("C:/Users/Joonh/cerebro_ag/cerebro/node_modules/bullmq/node_modules/ioredis/built/Redis").default'.
      Types of property 'options' are incompatible.
        Type 'import("C:/Users/Joonh/cerebro_ag/cerebro/node_modules/ioredis/built/redis/RedisOptions").RedisOptions' is not assignable to type 'import("C:/Users/Joonh/cerebro_ag/cerebro/node_modules/bullmq/node_modules/ioredis/built/redis/RedisOptions").RedisOptions'.
          Type 'RedisOptions' is not assignable to type 'CommonRedisOptions'.
            Types of property 'Connector' are incompatible.
              Type 'import("C:/Users/Joonh/cerebro_ag/cerebro/node_modules/ioredis/built/connectors/ConnectorConstructor").default | undefined' is not assignable to type 'import("C:/Users/Joonh/cerebro_ag/cerebro/node_modules/bullmq/node_modules/ioredis/built/connectors/ConnectorConstructor").default | undefined'.
                Type 'import("C:/Users/Joonh/cerebro_ag/cerebro/node_modules/ioredis/built/connectors/ConnectorConstructor").default' is not assignable to type 'import("C:/Users/Joonh/cerebro_ag/cerebro/node_modules/bullmq/node_modules/ioredis/built/connectors/ConnectorConstructor").default'.
                  Type 'import("C:/Users/Joonh/cerebro_ag/cerebro/node_modules/ioredis/built/connectors/AbstractConnector").default' is not assignable to type 'import("C:/Users/Joonh/cerebro_ag/cerebro/node_modules/bullmq/node_modules/ioredis/built/connectors/AbstractConnector").default'.
                    Property 'connecting' is protected but type 'AbstractConnector' is not a class derived from 'AbstractConnector'.
src/lib/queue/client.ts(17,69): error TS2322: Type 'Redis' is not assignable to type 'ConnectionOptions'.
  Type 'Redis' is not assignable to type 'ClusterOptions | Redis | Cluster'.
    Type 'import("C:/Users/Joonh/cerebro_ag/cerebro/node_modules/ioredis/built/Redis").default' is not assignable to type 'import("C:/Users/Joonh/cerebro_ag/cerebro/node_modules/bullmq/node_modules/ioredis/built/Redis").default'.
      Types of property 'options' are incompatible.
        Type 'import("C:/Users/Joonh/cerebro_ag/cerebro/node_modules/ioredis/built/redis/RedisOptions").RedisOptions' is not assignable to type 'import("C:/Users/Joonh/cerebro_ag/cerebro/node_modules/bullmq/node_modules/ioredis/built/redis/RedisOptions").RedisOptions'.
          Type 'RedisOptions' is not assignable to type 'CommonRedisOptions'.
            Types of property 'Connector' are incompatible.
              Type 'import("C:/Users/Joonh/cerebro_ag/cerebro/node_modules/ioredis/built/connectors/ConnectorConstructor").default | undefined' is not assignable to type 'import("C:/Users/Joonh/cerebro_ag/cerebro/node_modules/bullmq/node_modules/ioredis/built/connectors/ConnectorConstructor").default | undefined'.
                Type 'import("C:/Users/Joonh/cerebro_ag/cerebro/node_modules/ioredis/built/connectors/ConnectorConstructor").default' is not assignable to type 'import("C:/Users/Joonh/cerebro_ag/cerebro/node_modules/bullmq/node_modules/ioredis/built/connectors/ConnectorConstructor").default'.
                  Type 'import("C:/Users/Joonh/cerebro_ag/cerebro/node_modules/ioredis/built/connectors/AbstractConnector").default' is not assignable to type 'import("C:/Users/Joonh/cerebro_ag/cerebro/node_modules/bullmq/node_modules/ioredis/built/connectors/AbstractConnector").default'.
                    Property 'connecting' is protected but type 'AbstractConnector' is not a class derived from 'AbstractConnector'.
src/lib/queue/client.ts(18,60): error TS2322: Type 'Redis' is not assignable to type 'ConnectionOptions'.
  Type 'Redis' is not assignable to type 'ClusterOptions | Redis | Cluster'.
    Type 'import("C:/Users/Joonh/cerebro_ag/cerebro/node_modules/ioredis/built/Redis").default' is not assignable to type 'import("C:/Users/Joonh/cerebro_ag/cerebro/node_modules/bullmq/node_modules/ioredis/built/Redis").default'.
      Types of property 'options' are incompatible.
        Type 'import("C:/Users/Joonh/cerebro_ag/cerebro/node_modules/ioredis/built/redis/RedisOptions").RedisOptions' is not assignable to type 'import("C:/Users/Joonh/cerebro_ag/cerebro/node_modules/bullmq/node_modules/ioredis/built/redis/RedisOptions").RedisOptions'.
          Type 'RedisOptions' is not assignable to type 'CommonRedisOptions'.
            Types of property 'Connector' are incompatible.
              Type 'import("C:/Users/Joonh/cerebro_ag/cerebro/node_modules/ioredis/built/connectors/ConnectorConstructor").default | undefined' is not assignable to type 'import("C:/Users/Joonh/cerebro_ag/cerebro/node_modules/bullmq/node_modules/ioredis/built/connectors/ConnectorConstructor").default | undefined'.
                Type 'import("C:/Users/Joonh/cerebro_ag/cerebro/node_modules/ioredis/built/connectors/ConnectorConstructor").default' is not assignable to type 'import("C:/Users/Joonh/cerebro_ag/cerebro/node_modules/bullmq/node_modules/ioredis/built/connectors/ConnectorConstructor").default'.
                  Type 'import("C:/Users/Joonh/cerebro_ag/cerebro/node_modules/ioredis/built/connectors/AbstractConnector").default' is not assignable to type 'import("C:/Users/Joonh/cerebro_ag/cerebro/node_modules/bullmq/node_modules/ioredis/built/connectors/AbstractConnector").default'.
                    Property 'connecting' is protected but type 'AbstractConnector' is not a class derived from 'AbstractConnector'.
